VISWA@VISWA MINGW64 /d/UST/GIT GITHUB/workspace/fresh-project/level1/level2 (master)
$ git status
On branch master
Your branch is ahead of 'origin/master' by 15 commits.
  (use "git push" to publish your local commits)

Untracked files:
  (use "git add <file>..." to include in what will be committed)
        level3/level4/level5/temp.txt

nothing added to commit but untracked files present (use "git add" to track)

VISWA@VISWA MINGW64 /d/UST/GIT GITHUB/workspace/fresh-project/level1/level2 (master)
$ rm level3/level4/level5/temp.txt

VISWA@VISWA MINGW64 /d/UST/GIT GITHUB/workspace/fresh-project/level1/level2 (master)
$ git status
On branch master
Your branch is ahead of 'origin/master' by 15 commits.
  (use "git push" to publish your local commits)

nothing to commit, working tree clean

VISWA@VISWA MINGW64 /d/UST/GIT GITHUB/workspace/fresh-project/level1/level2 (master)
$ cd ../..

VISWA@VISWA MINGW64 /d/UST/GIT GITHUB/workspace/fresh-project (master)
$ ls
'break out changes.txt'         hipster.txt  'modified cmd.txt'          tracked.txt
'fresh project cmd.txt'         index.html   'raname and move cmd.txt'
'git add commit push cmd.txt'   level1/      'recursive add.txt'

VISWA@VISWA MINGW64 /d/UST/GIT GITHUB/workspace/fresh-project (master)
$ git add .

VISWA@VISWA MINGW64 /d/UST/GIT GITHUB/workspace/fresh-project (master)
$ git status
On branch master
Your branch is ahead of 'origin/master' by 15 commits.
  (use "git push" to publish your local commits)

Changes to be committed:
  (use "git restore --staged <file>..." to unstage)
        new file:   level1/level2/level3/level4/level5/doom.txt


VISWA@VISWA MINGW64 /d/UST/GIT GITHUB/workspace/fresh-project (master)
$ git rm level1/level2/level3/level4/level5/doom.txt
error: the following file has changes staged in the index:
    level1/level2/level3/level4/level5/doom.txt
(use --cached to keep the file, or -f to force removal)

VISWA@VISWA MINGW64 /d/UST/GIT GITHUB/workspace/fresh-project (master)
$ git rm -f level1/level2/level3/level4/level5/doom.txt
rm 'level1/level2/level3/level4/level5/doom.txt'

VISWA@VISWA MINGW64 /d/UST/GIT GITHUB/workspace/fresh-project (master)
$ git add .

VISWA@VISWA MINGW64 /d/UST/GIT GITHUB/workspace/fresh-project (master)
$

VISWA@VISWA MINGW64 /d/UST/GIT GITHUB/workspace/fresh-project (master)
$ git status
On branch master
Your branch is ahead of 'origin/master' by 15 commits.
  (use "git push" to publish your local commits)

nothing to commit, working tree clean

VISWA@VISWA MINGW64 /d/UST/GIT GITHUB/workspace/fresh-project (master)
$ git status
On branch master
Your branch is ahead of 'origin/master' by 15 commits.
  (use "git push" to publish your local commits)

Untracked files:
  (use "git add <file>..." to include in what will be committed)
        delete mcd.txt
        level1/level2/level3/level4/level5/doom1.txt

nothing added to commit but untracked files present (use "git add" to track)

VISWA@VISWA MINGW64 /d/UST/GIT GITHUB/workspace/fresh-project (master)
$ git add .

VISWA@VISWA MINGW64 /d/UST/GIT GITHUB/workspace/fresh-project (master)
$ git status
On branch master
Your branch is ahead of 'origin/master' by 15 commits.
  (use "git push" to publish your local commits)

Changes to be committed:
  (use "git restore --staged <file>..." to unstage)
        new file:   delete mcd.txt
        new file:   level1/level2/level3/level4/level5/doom1.txt


VISWA@VISWA MINGW64 /d/UST/GIT GITHUB/workspace/fresh-project (master)
$ git commit -m "tracked"
[master f2efbc2] tracked
 2 files changed, 1 insertion(+)
 create mode 100644 delete mcd.txt
 create mode 100644 level1/level2/level3/level4/level5/doom1.txt

VISWA@VISWA MINGW64 /d/UST/GIT GITHUB/workspace/fresh-project (master)
$ git rm level1/level2/level3/level4/level5/doom1.txt
rm 'level1/level2/level3/level4/level5/doom1.txt'

VISWA@VISWA MINGW64 /d/UST/GIT GITHUB/workspace/fresh-project (master)
$ git reset HEAD level1/level2/level3/level4/level5/doom1.txt
Unstaged changes after reset:
D       level1/level2/level3/level4/level5/doom1.txt

VISWA@VISWA MINGW64 /d/UST/GIT GITHUB/workspace/fresh-project (master)
$ git status
On branch master
Your branch is ahead of 'origin/master' by 16 commits.
  (use "git push" to publish your local commits)

Changes not staged for commit:
  (use "git add/rm <file>..." to update what will be committed)
  (use "git restore <file>..." to discard changes in working directory)
        deleted:    level1/level2/level3/level4/level5/doom1.txt

no changes added to commit (use "git add" and/or "git commit -a")

VISWA@VISWA MINGW64 /d/UST/GIT GITHUB/workspace/fresh-project (master)
$ git checkout -- level1/level2/level3/level4/level5/doom1.txt

VISWA@VISWA MINGW64 /d/UST/GIT GITHUB/workspace/fresh-project (master)
$ git status
On branch master
Your branch is ahead of 'origin/master' by 16 commits.
  (use "git push" to publish your local commits)

nothing to commit, working tree clean

VISWA@VISWA MINGW64 /d/UST/GIT GITHUB/workspace/fresh-project (master)
$ git status
On branch master
Your branch is ahead of 'origin/master' by 16 commits.
  (use "git push" to publish your local commits)

nothing to commit, working tree clean

VISWA@VISWA MINGW64 /d/UST/GIT GITHUB/workspace/fresh-project (master)
$ ls
'break out changes.txt'  'git add commit push cmd.txt'   level1/                   'recursive add.txt'
'delete mcd.txt'          hipster.txt                   'modified cmd.txt'          tracked.txt
'fresh project cmd.txt'   index.html                    'raname and move cmd.txt'

VISWA@VISWA MINGW64 /d/UST/GIT GITHUB/workspace/fresh-project (master)
$ rm level1/level2/level3/level4/level5/doom1.txt

VISWA@VISWA MINGW64 /d/UST/GIT GITHUB/workspace/fresh-project (master)
$ ls
'break out changes.txt'  'git add commit push cmd.txt'   level1/                   'recursive add.txt'
'delete mcd.txt'          hipster.txt                   'modified cmd.txt'          tracked.txt
'fresh project cmd.txt'   index.html                    'raname and move cmd.txt'

VISWA@VISWA MINGW64 /d/UST/GIT GITHUB/workspace/fresh-project (master)
$ git status
On branch master
Your branch is ahead of 'origin/master' by 16 commits.
  (use "git push" to publish your local commits)

Changes not staged for commit:
  (use "git add/rm <file>..." to update what will be committed)
  (use "git restore <file>..." to discard changes in working directory)
        deleted:    level1/level2/level3/level4/level5/doom1.txt

no changes added to commit (use "git add" and/or "git commit -a")

VISWA@VISWA MINGW64 /d/UST/GIT GITHUB/workspace/fresh-project (master)
$ git add -A

VISWA@VISWA MINGW64 /d/UST/GIT GITHUB/workspace/fresh-project (master)
$ git status
On branch master
Your branch is ahead of 'origin/master' by 16 commits.
  (use "git push" to publish your local commits)

Changes to be committed:
  (use "git restore --staged <file>..." to unstage)
        deleted:    level1/level2/level3/level4/level5/doom1.txt


VISWA@VISWA MINGW64 /d/UST/GIT GITHUB/workspace/fresh-project (master)
$ git commit -m "deleted level5"
[master 8f05a97] deleted level5
 1 file changed, 1 deletion(-)
 delete mode 100644 level1/level2/level3/level4/level5/doom1.txt
