/d/UST/GIT GITHUB/workspace

VISWA@VISWA MINGW64 /d/UST/GIT GITHUB/workspace
$ ls
GithubAction/  foodmate/  livemate/  splitmate/  srtlinks/  web_d_net/  webapplication/

VISWA@VISWA MINGW64 /d/UST/GIT GITHUB/workspace
$ git init fresh-project
Initialized empty Git repository in D:/UST/GIT GITHUB/workspace/fresh-project/.git/

VISWA@VISWA MINGW64 /d/UST/GIT GITHUB/workspace
$ cd fresh-project

VISWA@VISWA MINGW64 /d/UST/GIT GITHUB/workspace/fresh-project (master)
$ ls

VISWA@VISWA MINGW64 /d/UST/GIT GITHUB/workspace/fresh-project (master)
$ ls -al
total 8
drwxr-xr-x 1 VISWA 197609 0 Apr 27 13:40 ./
drwxr-xr-x 1 VISWA 197609 0 Apr 27 13:40 ../
drwxr-xr-x 1 VISWA 197609 0 Apr 27 13:40 .git/

VISWA@VISWA MINGW64 /d/UST/GIT GITHUB/workspace/fresh-project (master)
$ cd .git

VISWA@VISWA MINGW64 /d/UST/GIT GITHUB/workspace/fresh-project/.git (GIT_DIR!)
$ ls -al
total 11
drwxr-xr-x 1 VISWA 197609   0 Apr 27 13:40 ./
drwxr-xr-x 1 VISWA 197609   0 Apr 27 13:40 ../
-rw-r--r-- 1 VISWA 197609  23 Apr 27 13:40 HEAD
-rw-r--r-- 1 VISWA 197609 130 Apr 27 13:40 config
-rw-r--r-- 1 VISWA 197609  73 Apr 27 13:40 description
drwxr-xr-x 1 VISWA 197609   0 Apr 27 13:40 hooks/
drwxr-xr-x 1 VISWA 197609   0 Apr 27 13:40 info/
drwxr-xr-x 1 VISWA 197609   0 Apr 27 13:40 objects/
drwxr-xr-x 1 VISWA 197609   0 Apr 27 13:40 refs/

VISWA@VISWA MINGW64 /d/UST/GIT GITHUB/workspace/fresh-project/.git (GIT_DIR!)
$ cd ..

VISWA@VISWA MINGW64 /d/UST/GIT GITHUB/workspace/fresh-project (master)
$ git status
On branch master

No commits yet

nothing to commit (create/copy files and use "git add" to track)

VISWA@VISWA MINGW64 /d/UST/GIT GITHUB/workspace/fresh-project (master)
$ mate hipster.txt
bash: mate: command not found

VISWA@VISWA MINGW64 /d/UST/GIT GITHUB/workspace/fresh-project (master)
$ touch hipster.txt

VISWA@VISWA MINGW64 /d/UST/GIT GITHUB/workspace/fresh-project (master)
$ git status
On branch master

No commits yet

Untracked files:
  (use "git add <file>..." to include in what will be committed)
        hipster.txt

nothing added to commit but untracked files present (use "git add" to track)

VISWA@VISWA MINGW64 /d/UST/GIT GITHUB/workspace/fresh-project (master)
$ git add hipster.txt

VISWA@VISWA MINGW64 /d/UST/GIT GITHUB/workspace/fresh-project (master)
$ git status
On branch master

No commits yet

Changes to be committed:
  (use "git rm --cached <file>..." to unstage)
        new file:   hipster.txt


VISWA@VISWA MINGW64 /d/UST/GIT GITHUB/workspace/fresh-project (master)
$ git commit
[master (root-commit) 317f7fd] adding new file in hipster this is dome with text mate
 1 file changed, 1 insertion(+)
 create mode 100644 hipster.txt

VISWA@VISWA MINGW64 /d/UST/GIT GITHUB/workspace/fresh-project (master)
$ git status
On branch master
nothing to commit, working tree clean

