
VISWA@VISWA MINGW64 /d/UST/GIT GITHUB/workspace/fresh-project (master)
$ ls
'fresh project cmd.txt'   hipster.txt

VISWA@VISWA MINGW64 /d/UST/GIT GITHUB/workspace/fresh-project (master)
$ git status
On branch master
Untracked files:
  (use "git add <file>..." to include in what will be committed)
        fresh project cmd.txt

nothing added to commit but untracked files present (use "git add" to track)

VISWA@VISWA MINGW64 /d/UST/GIT GITHUB/workspace/fresh-project (master)
$ code .

VISWA@VISWA MINGW64 /d/UST/GIT GITHUB/workspace/fresh-project (master)
$ git status
On branch master
Untracked files:
  (use "git add <file>..." to include in what will be committed)
        fresh project cmd.txt
        index.html

nothing added to commit but untracked files present (use "git add" to track)

VISWA@VISWA MINGW64 /d/UST/GIT GITHUB/workspace/fresh-project (master)
$ git add .

VISWA@VISWA MINGW64 /d/UST/GIT GITHUB/workspace/fresh-project (master)
$ git status
On branch master
Changes to be committed:
  (use "git restore --staged <file>..." to unstage)
        new file:   fresh project cmd.txt
        new file:   index.html


VISWA@VISWA MINGW64 /d/UST/GIT GITHUB/workspace/fresh-project (master)
$ git commit -m "index added"
[master cca15c9] index added
 2 files changed, 105 insertions(+)
 create mode 100644 fresh project cmd.txt
 create mode 100644 index.html

VISWA@VISWA MINGW64 /d/UST/GIT GITHUB/workspace/fresh-project (master)
$ git status
On branch master
nothing to commit, working tree clean

VISWA@VISWA MINGW64 /d/UST/GIT GITHUB/workspace/fresh-project (master)
$ git remote add origin https://github.com/Visweshvar-Axel/fresh-project.git

VISWA@VISWA MINGW64 /d/UST/GIT GITHUB/workspace/fresh-project (master)
$ git push -u origin master
Enumerating objects: 7, done.
Counting objects: 100% (7/7), done.
Delta compression using up to 12 threads
Compressing objects: 100% (6/6), done.
Writing objects: 100% (7/7), 1.75 KiB | 1.75 MiB/s, done.
Total 7 (delta 0), reused 0 (delta 0), pack-reused 0
To https://github.com/Visweshvar-Axel/fresh-project.git
 * [new branch]      master -> master
branch 'master' set up to track 'origin/master'.

